# Log file of Pencil Code commands.
# This compiles with the same parameters as last time in this directory:
# pc_build -p

# 2026-08-18 11:43:10
/home/touko/pencil-code/bin/pc_build FFLAGS+=-O0
# make '-j' 'FFLAGS_DOUBLE=-fdefault-real-8 -fdefault-double-8' 'CFLAGS_DOUBLE=-DDOUBLE_PRECISION' 'LD_MPI=' 'CFLAGS_FFTW3=' 'FFLAGS_FFTW3=' 'LD_FFTW3=' 'CFLAGS_FFTW2=' 'FFLAGS_FFTW2=' 'LD_FFTW2=' 'FC=mpif90' 'F77=mpif77' 'FFLAGS=-O' 'LDFLAGS_HELPER=-dynamic' 'FFLAG_HEAP_ALLOC=-fmax-stack-var-size=512000 -fno-stack-arrays' 'OMPFFLAGS=-fopenmp' 'OMPLFLAGS=-lgomp' 'PPFLAGS=-cpp' 'FSTD_95=-std=f95' 'FSTD_2003=-std=f2003' 'FSTD_2008=-std=f2008' 'FSTD_2018=-std=f2018' 'MODULE_PREFIX=__' 'MODULE_INFIX=_MOD_' 'MODULE_SUFFIX=' 'CC=mpicc' 'CSTD=-std=c99' 'CFLAGS=-DFUNDERSC=1' 'FFLAGS+=-O0' 'default_to_be'

# 2026-08-18 11:48:05
mpiexec -n 1 ./src/start.x

# 2026-08-18 11:48:08
mpiexec -n 1 ./src/run.x

# 2026-08-18 11:48:30
mpiexec -n 1 ./src/run.x

# 2026-08-18 11:48:46
mpiexec -n 1 ./src/start.x

# 2026-08-18 11:48:47
mpiexec -n 1 ./src/run.x

# 2026-08-18 11:49:31
# copied from '/home/touko/PC-A-benchmarks/solar-convection/spherical'

# 2026-08-18 11:49:50
mpiexec -n 1 ./src/start.x

# 2026-08-18 11:49:51
mpiexec -n 1 ./src/run.x

# 2026-08-18 11:51:32
mpiexec -n 1 ./src/start.x

# 2026-08-18 11:51:33
mpiexec -n 1 ./src/run.x
